<html>
<body>
<pre>
<h1>µVision Build Log</h1>
<h2>Tool Versions:</h2>
IDE-Version: µVision V5.30.0.0
Copyright (C) 2020 ARM Ltd and ARM Germany GmbH. All rights reserved.
License Information: Son Phan, RMIT, LIC=----
 
Tool Versions:
Toolchain:       MDK-Lite  Version: 5.30.0.0
Toolchain Path:  C:\Keil_v5\ARM\ARMCLANG\Bin
C Compiler:      ArmClang.exe V6.14
Assembler:       Armasm.exe V6.14
Linker/Locator:  ArmLink.exe V6.14
Library Manager: ArmAr.exe V6.14
Hex Converter:   FromElf.exe V6.14
CPU DLL:         SARMCM3.DLL V5.30.0.0
Dialog DLL:      DARMCM1.DLL V1.19.3.0
Target DLL:      NULink\Nu_Link.dll V3.02
Dialog DLL:      TARMCM1.DLL V1.14.2.0
 
<h2>Project:</h2>
C:\Users\sonph\OneDrive\Documents\Courses\Embedded System Design\Final_Assessment\Ex2\Ex2.uvprojx
Project File Date:  01/15/2023

<h2>Output:</h2>
*** Using Compiler 'V6.14', folder: 'C:\Keil_v5\ARM\ARMCLANG\Bin'
Build target 'Target 1'
main.c(3): warning: In file included from...
C:/Keil_v5/Library/NUC100Series/Include\NUC100Series.h(150): warning: In file included from...
C:/Keil_v5/Library/CMSIS/Include\core_cm0.h(116): warning: In file included from...
C:/Keil_v5/Library/CMSIS/Include\core_cmInstr.h(406): warning: implicit conversion changes signedness: 'uint32_t' (aka 'unsigned int') to 'int32_t' (aka 'int') [-Wsign-conversion]
  return(result);
  ~~~~~~ ^~~~~~
main.c(3): warning: In file included from...
C:/Keil_v5/Library/NUC100Series/Include\NUC100Series.h(150): warning: In file included from...
C:/Keil_v5/Library/CMSIS/Include\core_cm0.h(574): warning: implicit conversion changes signedness: 'int' to 'unsigned int' [-Wsign-conversion]
    SCB->SHP[_SHP_IDX(IRQn)] = (SCB->SHP[_SHP_IDX(IRQn)] & ~(0xFF << _BIT_SHIFT(IRQn))) |
                                                         ~ ^~~~~~~~~~~~~~~~~~~~~~~~~~~
C:/Keil_v5/Library/CMSIS/Include\core_cm0.h(577): warning: implicit conversion changes signedness: 'int' to 'unsigned int' [-Wsign-conversion]
    NVIC->IP[_IP_IDX(IRQn)] = (NVIC->IP[_IP_IDX(IRQn)] & ~(0xFF << _BIT_SHIFT(IRQn))) |
                                                       ~ ^~~~~~~~~~~~~~~~~~~~~~~~~~~
C:/Keil_v5/Library/CMSIS/Include\core_cm0.h(608): warning: function 'NVIC_SystemReset' could be declared with attribute 'noreturn' [-Wmissing-noreturn]
{
^
main.c(3): warning: In file included from...
C:/Keil_v5/Library/NUC100Series/Include\NUC100Series.h(11321): warning: anonymous unions are a C11 extension [-Wc11-extensions]
    union
    ^
C:/Keil_v5/Library/NUC100Series/Include\NUC100Series.h(13605): warning: non-portable path to file '"sys.h"'; specified path differs in case from file name on disk [-Wnonportable-include-path]
#include "SYS.h"
         ^~~~~~~
         "sys.h"
C:/Keil_v5/Library/NUC100Series/Include\NUC100Series.h(13606): warning: non-portable path to file '"adc.h"'; specified path differs in case from file name on disk [-Wnonportable-include-path]
#include "ADC.h"
         ^~~~~~~
         "adc.h"
C:/Keil_v5/Library/NUC100Series/Include\NUC100Series.h(13607): warning: non-portable path to file '"fmc.h"'; specified path differs in case from file name on disk [-Wnonportable-include-path]
#include "FMC.h"
         ^~~~~~~
         "fmc.h"
main.c(3): warning: In file included from...
C:/Keil_v5/Library/NUC100Series/Include\NUC100Series.h(13607): warning: In file included from...
C:/Keil_v5/Library/StdDriver/Include\FMC.h(314): warning: implicit conversion changes signedness: 'int' to 'uint32_t' (aka 'unsigned int') [-Wsign-conversion]
    FMC->ISPADR = (u8index << 2);      /* Set UID Address. It must be word alignment. */
                ~  ~~~~~~~~^~~~
main.c(3): warning: In file included from...
C:/Keil_v5/Library/NUC100Series/Include\NUC100Series.h(13608): warning: non-portable path to file '"gpio.h"'; specified path differs in case from file name on disk [-Wnonportable-include-path]
#include "GPIO.h"
         ^~~~~~~~
         "gpio.h"
C:/Keil_v5/Library/NUC100Series/Include\NUC100Series.h(13609): warning: non-portable path to file '"i2c.h"'; specified path differs in case from file name on disk [-Wnonportable-include-path]
#include "I2C.h"
         ^~~~~~~
         "i2c.h"
C:/Keil_v5/Library/NUC100Series/Include\NUC100Series.h(13610): warning: non-portable path to file '"pwm.h"'; specified path differs in case from file name on disk [-Wnonportable-include-path]
#include "PWM.h"
         ^~~~~~~
         "pwm.h"
C:/Keil_v5/Library/NUC100Series/Include\NUC100Series.h(13611): warning: non-portable path to file '"spi.h"'; specified path differs in case from file name on disk [-Wnonportable-include-path]
#include "SPI.h"
         ^~~~~~~
         "spi.h"
C:/Keil_v5/Library/NUC100Series/Include\NUC100Series.h(13612): warning: non-portable path to file '"crc.h"'; specified path differs in case from file name on disk [-Wnonportable-include-path]
#include "CRC.h"
         ^~~~~~~
         "crc.h"
C:/Keil_v5/Library/NUC100Series/Include\NUC100Series.h(13613): warning: non-portable path to file '"timer.h"'; specified path differs in case from file name on disk [-Wnonportable-include-path]
#include "TIMER.h"
         ^~~~~~~~~
         "timer.h"
C:/Keil_v5/Library/NUC100Series/Include\NUC100Series.h(13614): warning: non-portable path to file '"wdt.h"'; specified path differs in case from file name on disk [-Wnonportable-include-path]
#include "WDT.h"
         ^~~~~~~
         "wdt.h"
C:/Keil_v5/Library/NUC100Series/Include\NUC100Series.h(13615): warning: non-portable path to file '"wwdt.h"'; specified path differs in case from file name on disk [-Wnonportable-include-path]
#include "WWDT.h"
         ^~~~~~~~
         "wwdt.h"
C:/Keil_v5/Library/NUC100Series/Include\NUC100Series.h(13616): warning: non-portable path to file '"rtc.h"'; specified path differs in case from file name on disk [-Wnonportable-include-path]
#include "RTC.h"
         ^~~~~~~
         "rtc.h"
C:/Keil_v5/Library/NUC100Series/Include\NUC100Series.h(13617): warning: non-portable path to file '"uart.h"'; specified path differs in case from file name on disk [-Wnonportable-include-path]
#include "UART.h"
         ^~~~~~~~
         "uart.h"
C:/Keil_v5/Library/NUC100Series/Include\NUC100Series.h(13618): warning: non-portable path to file '"i2s.h"'; specified path differs in case from file name on disk [-Wnonportable-include-path]
#include "I2S.h"
         ^~~~~~~
         "i2s.h"
C:/Keil_v5/Library/NUC100Series/Include\NUC100Series.h(13619): warning: non-portable path to file '"can.h"'; specified path differs in case from file name on disk [-Wnonportable-include-path]
#include "CAN.h"
         ^~~~~~~
         "can.h"
C:/Keil_v5/Library/NUC100Series/Include\NUC100Series.h(13620): warning: non-portable path to file '"usbd.h"'; specified path differs in case from file name on disk [-Wnonportable-include-path]
#include "USBD.h"
         ^~~~~~~~
         "usbd.h"
main.c(3): warning: In file included from...
C:/Keil_v5/Library/NUC100Series/Include\NUC100Series.h(13620): warning: In file included from...
C:/Keil_v5/Library/StdDriver/Include\USBD.h(638): warning: variable 'u32CfgAddr' may be uninitialized when used here [-Wconditional-uninitialized]
    return ((*((__IO uint32_t *)(u32CfgAddr))) & USBD_CFGP_SSTALL);
                                 ^~~~~~~~~~
C:/Keil_v5/Library/StdDriver/Include\USBD.h(622): note: initialize the variable 'u32CfgAddr' to silence this warning
    uint32_t u32CfgAddr;
                       ^
                        = 0
main.c(3): warning: In file included from...
C:/Keil_v5/Library/NUC100Series/Include\NUC100Series.h(13621): warning: non-portable path to file '"pdma.h"'; specified path differs in case from file name on disk [-Wnonportable-include-path]
#include "PDMA.h"
         ^~~~~~~~
         "pdma.h"
C:/Keil_v5/Library/NUC100Series/Include\NUC100Series.h(13622): warning: non-portable path to file '"sc.h"'; specified path differs in case from file name on disk [-Wnonportable-include-path]
#include "SC.h"
         ^~~~~~
         "sc.h"
C:/Keil_v5/Library/NUC100Series/Include\NUC100Series.h(13623): warning: non-portable path to file '"ps2.h"'; specified path differs in case from file name on disk [-Wnonportable-include-path]
#include "PS2.h"
         ^~~~~~~
         "ps2.h"
C:/Keil_v5/Library/NUC100Series/Include\NUC100Series.h(13624): warning: non-portable path to file '"clk.h"'; specified path differs in case from file name on disk [-Wnonportable-include-path]
#include "CLK.h"
         ^~~~~~~
         "clk.h"
C:/Keil_v5/Library/NUC100Series/Include\NUC100Series.h(13625): warning: non-portable path to file '"acmp.h"'; specified path differs in case from file name on disk [-Wnonportable-include-path]
#include "ACMP.h"
         ^~~~~~~~
         "acmp.h"
main.c(4): warning: non-portable path to file '"MCU_Init.h"'; specified path differs in case from file name on disk [-Wnonportable-include-path]
#include "MCU_init.h"
         ^~~~~~~~~~~~
         "MCU_Init.h"
main.c(41): warning: no previous extern declaration for non-static variable 'GP15_isPressed' [-Wmissing-variable-declarations]
volatile _Bool GP15_isPressed = FALSE,
               ^
main.c(41): note: declare 'static' if the variable is not intended to be used outside of this translation unit
volatile _Bool GP15_isPressed = FALSE,
         ^
main.c(42): warning: no previous extern declaration for non-static variable 'K9_isPressed' [-Wmissing-variable-declarations]
                                                         K9_isPressed = FALSE,
                                                         ^
main.c(41): note: declare 'static' if the variable is not intended to be used outside of this translation unit
volatile _Bool GP15_isPressed = FALSE,
         ^
main.c(43): warning: no previous extern declaration for non-static variable 'mapStatus' [-Wmissing-variable-declarations]
                                                         mapStatus = FALSE;
                                                         ^
main.c(41): note: declare 'static' if the variable is not intended to be used outside of this translation unit
volatile _Bool GP15_isPressed = FALSE,
         ^
main.c(44): warning: type specifier missing, defaults to 'int' [-Wimplicit-int]
                                                         win = FALSE;
                                                         ^
main.c(44): warning: no previous extern declaration for non-static variable 'win' [-Wmissing-variable-declarations]
note: declare 'static' if the variable is not intended to be used outside of this translation unit
main.c(49): warning: no previous extern declaration for non-static variable 'shootCount' [-Wmissing-variable-declarations]
                                                 shootCount = 0, // count shots
                                                 ^
main.c(46): note: declare 'static' if the variable is not intended to be used outside of this translation unit
volatile int row, 
         ^
main.c(50): warning: no previous extern declaration for non-static variable 'x' [-Wmissing-variable-declarations]
                                                 x = 1, y = 1, // x and y coordinate
                                                 ^
main.c(46): note: declare 'static' if the variable is not intended to be used outside of this translation unit
volatile int row, 
         ^
main.c(50): warning: no previous extern declaration for non-static variable 'y' [-Wmissing-variable-declarations]
                                                 x = 1, y = 1, // x and y coordinate
                                                        ^
main.c(46): note: declare 'static' if the variable is not intended to be used outside of this translation unit
volatile int row, 
         ^
main.c(51): warning: no previous extern declaration for non-static variable 'timeCount' [-Wmissing-variable-declarations]
                                                 timeCount = 0, // variable for 7-seg LEDs
                                                 ^
main.c(46): note: declare 'static' if the variable is not intended to be used outside of this translation unit
volatile int row, 
         ^
main.c(52): warning: no previous extern declaration for non-static variable 'choose' [-Wmissing-variable-declarations]
                                                 choose = 1,  // variable to switch case in main
                                                 ^
main.c(46): note: declare 'static' if the variable is not intended to be used outside of this translation unit
volatile int row, 
         ^
main.c(53): warning: no previous extern declaration for non-static variable 'score' [-Wmissing-variable-declarations]
                                                 score = 0; 
                                                 ^
main.c(46): note: declare 'static' if the variable is not intended to be used outside of this translation unit
volatile int row, 
         ^
main.c(55): warning: no previous extern declaration for non-static variable 'ship_Placement' [-Wmissing-variable-declarations]
volatile char ship_Placement[8][8] = {{0,0,0,0,0,0,0,0},
              ^
main.c(55): note: declare 'static' if the variable is not intended to be used outside of this translation unit
volatile char ship_Placement[8][8] = {{0,0,0,0,0,0,0,0},
         ^
main.c(68): warning: no previous extern declaration for non-static variable 'score_val' [-Wmissing-variable-declarations]
char score_val[2] = "00";
     ^
main.c(68): note: declare 'static' if the variable is not intended to be used outside of this translation unit
char score_val[2] = "00";
^
main.c(71): warning: binary integer literals are a GNU extension [-Wgnu-binary-literal]
                  0b10000010,  //Number 0          // ---a----
                  ^
main.c(72): warning: binary integer literals are a GNU extension [-Wgnu-binary-literal]
                  0b11101110,  //Number 1          // |      |
                  ^
main.c(73): warning: binary integer literals are a GNU extension [-Wgnu-binary-literal]
                  0b00000111,  //Number 2          // f      b
                  ^
main.c(74): warning: binary integer literals are a GNU extension [-Wgnu-binary-literal]
                  0b01000110,  //Number 3          // |      |
                  ^
main.c(75): warning: binary integer literals are a GNU extension [-Wgnu-binary-literal]
                  0b01101010,  //Number 4          // ---g----
                  ^
main.c(76): warning: binary integer literals are a GNU extension [-Wgnu-binary-literal]
                  0b01010010,  //Number 5          // |      |
                  ^
main.c(77): warning: binary integer literals are a GNU extension [-Wgnu-binary-literal]
                  0b00010010,  //Number 6          // e      c
                  ^
main.c(78): warning: binary integer literals are a GNU extension [-Wgnu-binary-literal]
                  0b11100110,  //Number 7          // |      |
                  ^
main.c(79): warning: binary integer literals are a GNU extension [-Wgnu-binary-literal]
                  0b00000010,  //Number 8          // ---d----
                  ^
main.c(80): warning: binary integer literals are a GNU extension [-Wgnu-binary-literal]
                  0b01000010,  //Number 9
                  ^
main.c(81): warning: binary integer literals are a GNU extension [-Wgnu-binary-literal]
                  0b01111111   //Blank LED 
                  ^
main.c(69): warning: no previous extern declaration for non-static variable 'pattern' [-Wmissing-variable-declarations]
int pattern[] = {
    ^
main.c(69): note: declare 'static' if the variable is not intended to be used outside of this translation unit
int pattern[] = {
^
main.c(211): warning: default label in switch which covers all enumeration values [-Wcovered-switch-default]
                                default: break;
                                ^
main.c(263): warning: '&' within '|' [-Wbitwise-op-parentheses]
        LCD_command(0x10 | (ColumnAddr >> 4) & 0xF);
                         ~ ~~~~~~~~~~~~~~~~~~^~~~~
main.c(263): note: place parentheses around the '&' expression to silence this warning
        LCD_command(0x10 | (ColumnAddr >> 4) & 0xF);
                                             ^
                           (                      )
main.c(299): warning: binary integer literals are a GNU extension [-Wgnu-binary-literal]
        CLK->CLKSEL1 &= ~(0b111 << 12); // 12MHz
                          ^
main.c(299): warning: implicit conversion changes signedness: 'int' to 'unsigned int' [-Wsign-conversion]
        CLK->CLKSEL1 &= ~(0b111 << 12); // 12MHz
                     ~~ ^~~~~~~~~~~~~~
main.c(301): warning: implicit conversion changes signedness: 'int' to 'unsigned int' [-Wsign-conversion]
        TIMER1->TCSR &= ~(0xFF << 0);
                     ~~ ^~~~~~~~~~~~
main.c(310): warning: binary integer literals are a GNU extension [-Wgnu-binary-literal]
        TIMER1->TCSR &= ~(0b11 << 27);
                          ^
main.c(310): warning: implicit conversion changes signedness: 'int' to 'unsigned int' [-Wsign-conversion]
        TIMER1->TCSR &= ~(0b11 << 27);
                     ~~ ^~~~~~~~~~~~~
main.c(311): warning: binary integer literals are a GNU extension [-Wgnu-binary-literal]
        TIMER1->TCSR |= (0b01 << 27); //periodic mode 
                         ^
main.c(312): warning: implicit conversion changes signedness: 'int' to 'unsigned int' [-Wsign-conversion]
        TIMER1->TCSR &= ~(1 << 24);        
                     ~~ ^~~~~~~~~~
main.c(322): warning: implicit conversion changes signedness: 'int' to 'unsigned int' [-Wsign-conversion]
        NVIC->IP[0] &= (~(3 << 14)); // settting priority
                    ~~  ^~~~~~~~~~
main.c(324): warning: empty expression statement has no effect; remove unnecessary ';' to silence this warning [-Wextra-semi-stmt]
        TIMER1->TCMPR = TIMER1_COUNTS; 
                                     ^~
main.c(332): warning: implicit conversion changes signedness: 'int' to 'unsigned int' [-Wsign-conversion]
        PB->PMD &= ~(0x03 << 2);
                ~~ ^~~~~~~~~~~~
main.c(337): warning: binary integer literals are a GNU extension [-Wgnu-binary-literal]
        PB->PMD &= ~(0b11 << 0);        // Set Pin Mode for GPB.0(RX - Input)
                     ^
main.c(337): warning: implicit conversion changes signedness: 'int' to 'unsigned int' [-Wsign-conversion]
        PB->PMD &= ~(0b11 << 0);        // Set Pin Mode for GPB.0(RX - Input)
                ~~ ^~~~~~~~~~~~
main.c(341): warning: implicit conversion changes signedness: 'int' to 'unsigned int' [-Wsign-conversion]
        UART0->LCR &= ~(0x01 << 3); // no parity bit
                   ~~ ^~~~~~~~~~~~
main.c(342): warning: implicit conversion changes signedness: 'int' to 'unsigned int' [-Wsign-conversion]
        UART0->LCR &= ~(0x01 << 2); // one stop bit
                   ~~ ^~~~~~~~~~~~
main.c(347): warning: implicit conversion changes signedness: 'int' to 'unsigned int' [-Wsign-conversion]
        UART0->BAUD &= ~(0x0FFFF << 0);
                    ~~ ^~~~~~~~~~~~~~~
main.c(349): warning: implicit conversion changes signedness: 'int' to 'unsigned int' [-Wsign-conversion]
        UART0->BAUD &= ~(0x03 << 28); // mode 0
                    ~~ ^~~~~~~~~~~~~
main.c(353): warning: implicit conversion changes signedness: 'int' to 'unsigned int' [-Wsign-conversion]
        UART0 -> FCR &= ~(0x0F << 16); // FIFO Trigger Level is 1 byte
                     ~~ ^~~~~~~~~~~~~
main.c(355): warning: implicit conversion changes signedness: 'int' to 'unsigned int' [-Wsign-conversion]
        NVIC->IP[3] &= ~(3 << 6); // Set priority of UART0 as 0, slowest
                    ~~ ^~~~~~~~~
main.c(365): warning: binary integer literals are a GNU extension [-Wgnu-binary-literal]
        CLK->CLKSEL0 &= (~(0b111 << 0)); // 12Mhz clock source
                           ^
main.c(365): warning: implicit conversion changes signedness: 'int' to 'unsigned int' [-Wsign-conversion]
        CLK->CLKSEL0 &= (~(0b111 << 0)); // 12Mhz clock source
                     ~~  ^~~~~~~~~~~~~
main.c(366): warning: implicit conversion changes signedness: 'int' to 'unsigned int' [-Wsign-conversion]
        CLK->CLKDIV &= ~(11 << 0); // HCLK_N = 11 -> HCLK = 12 Mhz/11+1 = 1 Mhz
                    ~~ ^~~~~~~~~~
main.c(372): warning: implicit conversion changes signedness: 'int' to 'unsigned int' [-Wsign-conversion]
        CLK->CLKDIV &= ~(0x0F << 8); // clock divider is 1
                    ~~ ^~~~~~~~~~~~
main.c(377): warning: binary integer literals are a GNU extension [-Wgnu-binary-literal]
        PA->DBEN |= (0b111 << 3); // GPIO Port A Enable debouncing for key matrix
                     ^
main.c(380): warning: implicit conversion changes signedness: 'int' to 'unsigned int' [-Wsign-conversion]
        GPIO -> DBNCECON &= (~(1<<4)); // Debounce clock source: HCLK = 1 Mhz
                         ~~  ^~~~~~~
main.c(385): warning: signed shift result (0xC0000000) sets the sign bit of the shift expression's type ('int') and becomes negative [-Wshift-sign-overflow]
        NVIC->IP[0] &= (~(3 << 30)); // Setting priority
                          ~ ^  ~~
main.c(393): warning: implicit conversion changes signedness: 'int' to 'unsigned int' [-Wsign-conversion]
        PC->PMD &= (~(0xFF<< 8));               //Clear PMD[15:8] 
                ~~  ^~~~~~~~~~~
main.c(394): warning: binary integer literals are a GNU extension [-Wgnu-binary-literal]
        PC->PMD |= (0b01010101 << 8);  //Set output push-pull for PC4 to PC7 
                    ^
main.c(397): warning: implicit conversion changes signedness: 'int' to 'unsigned int' [-Wsign-conversion]
        PE->PMD &= (~(0xFFFF<< 0));             //Clear PMD[15:0] 
                ~~  ^~~~~~~~~~~~~
main.c(398): warning: binary integer literals are a GNU extension [-Wgnu-binary-literal]
        PE->PMD |= 0b0101010101010101<<0;   //Set output push-pull for PE0 to PE7
                   ^
main.c(402): warning: implicit conversion changes signedness: 'int' to 'unsigned int' [-Wsign-conversion]
        PB->IMD &= (~(1 << 15));// Setting edge trigger
                ~~  ^~~~~~~~~~
main.c(413): warning: implicit conversion changes signedness: 'int' to 'unsigned int' [-Wsign-conversion]
        SPI3->CNTRL &= ~(1 << 23); //0: disable variable clock feature
                    ~~ ^~~~~~~~~~
main.c(414): warning: implicit conversion changes signedness: 'int' to 'unsigned int' [-Wsign-conversion]
        SPI3->CNTRL &= ~(1 << 22); //0: disable two bits transfer mode
                    ~~ ^~~~~~~~~~
main.c(415): warning: implicit conversion changes signedness: 'int' to 'unsigned int' [-Wsign-conversion]
        SPI3->CNTRL &= ~(1 << 18); //0: select Master mode
                    ~~ ^~~~~~~~~~
main.c(416): warning: implicit conversion changes signedness: 'int' to 'unsigned int' [-Wsign-conversion]
        SPI3->CNTRL &= ~(1 << 17); //0: disable SPI interrupt    
                    ~~ ^~~~~~~~~~
main.c(418): warning: implicit conversion changes signedness: 'int' to 'unsigned int' [-Wsign-conversion]
        SPI3->CNTRL &= ~(1 << 10); //0: MSB is sent first   
                    ~~ ^~~~~~~~~~
main.c(419): warning: implicit conversion changes signedness: 'int' to 'unsigned int' [-Wsign-conversion]
        SPI3->CNTRL &= ~(3 << 8); //00: one transmit/receive word will be executed in one data transfer
                    ~~ ^~~~~~~~~
main.c(421): warning: implicit conversion changes signedness: 'int' to 'unsigned int' [-Wsign-conversion]
        SPI3->CNTRL &= ~(31 << 3); //Transmit/Receive bit length
                    ~~ ^~~~~~~~~~
main.c(430): warning: implicit conversion changes signedness: 'int' to 'unsigned int' [-Wsign-conversion]
        PC->DOUT &= ~(1<<7);    //Turn off U11 7-seg LED
                 ~~ ^~~~~~~
main.c(431): warning: implicit conversion changes signedness: 'int' to 'unsigned int' [-Wsign-conversion]
        PC->DOUT &= ~(1<<6);            //Turn off U12
                 ~~ ^~~~~~~
main.c(432): warning: implicit conversion changes signedness: 'int' to 'unsigned int' [-Wsign-conversion]
        PC->DOUT &= ~(1<<5);            //---------U13
                 ~~ ^~~~~~~
main.c(433): warning: implicit conversion changes signedness: 'int' to 'unsigned int' [-Wsign-conversion]
        PC->DOUT &= ~(1<<4);            //---------U14
                 ~~ ^~~~~~~
main.c(444): warning: operator '<<' has lower precedence than '-'; '-' will be evaluated first [-Wshift-op-parentheses]
        PC->DOUT |= (1<<7-timeCount);           // display current LED
                      ~~~^~~~~~~~~~
main.c(444): note: place parentheses around the '-' expression to silence this warning
        PC->DOUT |= (1<<7-timeCount);           // display current LED
                         ^
                        (          )
main.c(445): warning: implicit conversion changes signedness: 'int' to 'uint32_t' (aka 'unsigned int') [-Wsign-conversion]
        PE->DOUT = pattern[digit[timeCount]]; // display corresponding digit
                 ~ ^~~~~~~~~~~~~~~~~~~~~~~~~
main.c(455): warning: implicit conversion loses integer precision: 'int' to 'int16_t' (aka 'short') [-Wimplicit-int-conversion]
                                printC_5x7(i*10 + 15, j*7 + 7, 'X'); // Draw X on hit
                                ~~~~~~~~~~ ~~~~~^~~~
main.c(455): warning: implicit conversion loses integer precision: 'int' to 'int16_t' (aka 'short') [-Wimplicit-int-conversion]
                                printC_5x7(i*10 + 15, j*7 + 7, 'X'); // Draw X on hit
                                ~~~~~~~~~~            ~~~~^~~
main.c(457): warning: implicit conversion loses integer precision: 'int' to 'int16_t' (aka 'short') [-Wimplicit-int-conversion]
                                printC_5x7(i*10 + 15, j*7 + 7, ' '); // Leave blank on miss
                                ~~~~~~~~~~ ~~~~~^~~~
main.c(457): warning: implicit conversion loses integer precision: 'int' to 'int16_t' (aka 'short') [-Wimplicit-int-conversion]
                                printC_5x7(i*10 + 15, j*7 + 7, ' '); // Leave blank on miss
                                ~~~~~~~~~~            ~~~~^~~
main.c(459): warning: implicit conversion loses integer precision: 'int' to 'int16_t' (aka 'short') [-Wimplicit-int-conversion]
                                printC_5x7(i*10 + 15, j*7 + 7, '-'); // Draw water
                                ~~~~~~~~~~ ~~~~~^~~~
main.c(459): warning: implicit conversion loses integer precision: 'int' to 'int16_t' (aka 'short') [-Wimplicit-int-conversion]
                                printC_5x7(i*10 + 15, j*7 + 7, '-'); // Draw water
                                ~~~~~~~~~~            ~~~~^~~
main.c(474): warning: no previous prototype for function 'EINT1_IRQHandler' [-Wmissing-prototypes]
void EINT1_IRQHandler(void) {
     ^
main.c(474): note: declare 'static' if the function is not intended to be used outside of this translation unit
void EINT1_IRQHandler(void) {
^
static 
main.c(482): warning: no previous prototype for function 'TMR1_IRQHandler' [-Wmissing-prototypes]
void TMR1_IRQHandler(void) {
     ^
main.c(482): note: declare 'static' if the function is not intended to be used outside of this translation unit
void TMR1_IRQHandler(void) {
^
static 
main.c(493): warning: implicit conversion loses integer precision: 'volatile uint32_t' (aka 'volatile unsigned int') to 'char' [-Wimplicit-int-conversion]
        char ch = UART0->DATA;
             ~~   ~~~~~~~^~~~
main.c(489): warning: no previous prototype for function 'UART02_IRQHandler' [-Wmissing-prototypes]
void UART02_IRQHandler(void)
     ^
main.c(489): note: declare 'static' if the function is not intended to be used outside of this translation unit
void UART02_IRQHandler(void)
^
static 
main.c(46): warning: no previous extern declaration for non-static variable 'row' [-Wmissing-variable-declarations]
volatile int row, 
             ^
main.c(46): note: declare 'static' if the variable is not intended to be used outside of this translation unit
volatile int row, 
         ^
main.c(47): warning: no previous extern declaration for non-static variable 'column' [-Wmissing-variable-declarations]
                                                 column, 
                                                 ^
main.c(46): note: declare 'static' if the variable is not intended to be used outside of this translation unit
volatile int row, 
         ^
main.c(48): warning: no previous extern declaration for non-static variable 'tiles' [-Wmissing-variable-declarations]
                                                 tiles,
                                                 ^
main.c(46): note: declare 'static' if the variable is not intended to be used outside of this translation unit
volatile int row, 
         ^
main.c(63): warning: no previous extern declaration for non-static variable 'shoot' [-Wmissing-variable-declarations]
                                                        shoot[8][8]; // shoot record map
                                                        ^
main.c(55): note: declare 'static' if the variable is not intended to be used outside of this translation unit
volatile char ship_Placement[8][8] = {{0,0,0,0,0,0,0,0},
         ^
main.c(67): warning: no previous extern declaration for non-static variable 'digit' [-Wmissing-variable-declarations]
int digit[4]; // digit array stores value to show on 7-seg LED display
    ^
main.c(67): note: declare 'static' if the variable is not intended to be used outside of this translation unit
int digit[4]; // digit array stores value to show on 7-seg LED display
^
114 warnings generated.
compiling main.c...
linking...
Program Size: Code=3976 RO-data=704 RW-data=168 ZI-data=1232  
".\Objects\Ex2.axf" - 0 Error(s), 114 Warning(s).

<h2>Software Packages used:</h2>

Package Vendor: Nuvoton
                https://github.com/OpenNuvoton/cmsis-packs/raw/master/Nuvoton_DFP/Nuvoton.NuMicro_DFP.1.3.16.pack
                Nuvoton.NuMicro_DFP.1.3.16
                Nuvoton ARM Cortex-M NuMicro Family Device Support

<h2>Collection of Component include folders:</h2>
  .\RTE\_Target_1
  C:\Keil_v5\Packs\Nuvoton\NuMicro_DFP\1.3.16\Device\NUC100\Include

<h2>Collection of Component Files used:</h2>
Build Time Elapsed:  00:00:03
</pre>
</body>
</html>
